\BOOKMARK [1][-]{section.1}{\376\377\137\025\212\000}{}% 1
\BOOKMARK [1][-]{section.2}{\376\377\145\160\143\156\116\016\143\007\150\007\147\204\220\040}{}% 2
\BOOKMARK [2][-]{subsection.2.1}{\376\377\145\160\143\156\147\145\156\220\116\016\150\067\147\054\217\271\165\114}{section.2}% 3
\BOOKMARK [2][-]{subsection.2.2}{\376\377\176\323\147\234\123\330\221\317\116\016\137\142\137\017\143\007\150\007}{section.2}% 4
\BOOKMARK [2][-]{subsection.2.3}{\376\377\143\247\122\066\123\330\221\317\116\016\145\117\141\037\140\047\133\120\226\306}{section.2}% 5
\BOOKMARK [1][-]{section.3}{\376\377\142\020\133\371\153\324\217\203\152\041\127\213\116\016\143\250\145\255\145\271\154\325}{}% 6
\BOOKMARK [2][-]{subsection.3.1}{\376\377\143\317\217\360\140\047\221\115\133\371\153\324\217\203}{section.3}% 7
\BOOKMARK [2][-]{subsection.3.2}{\376\377\124\053\152\041\127\213\216\253\116\375\133\371\153\324\230\171\166\204\000L\000o\000g\000i\000s\000t\000i\000c\152\041\127\213}{section.3}% 8
\BOOKMARK [2][-]{subsection.3.3}{\376\377\200\132\174\173\123\117\145\271\135\356\116\016\131\032\221\315\153\324\217\203}{section.3}% 9
\BOOKMARK [2][-]{subsection.3.4}{\376\377\227\136\176\277\140\047\123\312\121\166\116\326\145\117\141\037\140\047\213\276\133\232}{section.3}% 10
\BOOKMARK [2][-]{subsection.3.5}{\376\377\146\016\170\156\200\334\215\037\116\016\147\052\121\263\162\266\140\001}{section.3}% 11
\BOOKMARK [2][-]{subsection.3.6}{\376\377\133\241\213\241\122\006\134\102}{section.3}% 12
\BOOKMARK [1][-]{section.4}{\376\377\133\236\213\301\176\323\147\234\116\016\145\117\141\037\140\047\122\006\147\220}{}% 13
\BOOKMARK [2][-]{subsection.4.1}{\376\377\143\317\217\360\176\323\147\234\123\312\116\073\152\041\127\213}{section.4}% 14
\BOOKMARK [2][-]{subsection.4.2}{\376\377\200\132\174\173\000\040\145\366\225\364\123\312\121\375\145\160\137\142\137\017}{section.4}% 15
\BOOKMARK [2][-]{subsection.4.3}{\376\377\146\016\170\156\220\011\142\351\162\266\140\001\116\016\150\074\137\017\155\113\221\317}{section.4}% 16
\BOOKMARK [1][-]{section.5}{\376\377\143\242\175\042\140\047\215\357\137\204\122\006\147\220}{}% 17
\BOOKMARK [2][-]{subsection.5.1}{\376\377\211\302\155\113\123\330\221\317\136\177\116\111\215\357\137\204\150\106\147\266}{section.5}% 18
\BOOKMARK [2][-]{subsection.5.2}{\376\377\215\357\137\204\176\323\147\234\116\016\152\041\127\213\117\235\215\126}{section.5}% 19
\BOOKMARK [1][-]{section.6}{\376\377\120\117\131\175\145\160\143\156\133\241\213\241\136\224\165\050}{}% 20
\BOOKMARK [2][-]{subsection.6.1}{\376\377\123\005\124\053\147\052\121\263\213\304\116\367\166\204\122\006\134\102\142\245\124\112}{section.6}% 21
\BOOKMARK [2][-]{subsection.6.2}{\376\377\140\073\117\123\116\211\213\256\163\207\117\060\213\241\123\312\230\204\173\227\122\006\221\115}{section.6}% 22
\BOOKMARK [2][-]{subsection.6.3}{\376\377\133\236\226\105\136\224\165\050\203\003\126\364}{section.6}% 23
\BOOKMARK [1][-]{section.7}{\376\377\176\323\213\272\116\016\134\100\226\120}{}% 24
