\BOOKMARK [1][-]{section.1}{\376\377\137\025\212\000}{}% 1
\BOOKMARK [1][-]{section.2}{\376\377\126\375\121\205\131\026\170\024\172\166\163\260\162\266}{}% 2
\BOOKMARK [2][-]{subsection.2.1}{\376\377\131\047\213\355\212\000\152\041\127\213\120\117\131\175\133\371\237\120\116\016\131\126\122\261\136\372\152\041\170\024\172\166\217\333\134\125}{section.2}% 3
\BOOKMARK [2][-]{subsection.2.2}{\376\377\225\177\136\246\120\117\135\356\166\370\121\163\170\024\172\166\217\333\134\125}{section.2}% 4
\BOOKMARK [2][-]{subsection.2.3}{\376\377\150\074\137\017\120\117\131\175\166\370\121\163\170\024\172\166\217\333\134\125}{section.2}% 5
\BOOKMARK [2][-]{subsection.2.4}{\376\377\120\117\131\175\117\341\123\367\154\141\147\323\116\016\213\304\116\367\120\117\135\356\170\024\172\166\163\260\162\266}{section.2}% 6
\BOOKMARK [2][-]{subsection.2.5}{\376\377\163\260\147\011\170\024\172\166\166\204\116\015\215\263\116\016\116\211\213\256}{section.2}% 7
\BOOKMARK [1][-]{section.3}{\376\377\170\024\172\166\225\356\230\230\116\016\170\024\172\166\120\107\213\276}{}% 8
\BOOKMARK [2][-]{subsection.3.1}{\376\377\150\070\137\303\170\024\172\166\225\356\230\230}{section.3}% 9
\BOOKMARK [2][-]{subsection.3.2}{\376\377\170\024\172\166\133\371\214\141\116\016\122\006\147\220\140\035\215\357}{section.3}% 10
\BOOKMARK [1][-]{section.4}{\376\377\170\024\172\166\215\041\163\056\116\016\122\033\145\260\160\271}{}% 11
\BOOKMARK [1][-]{section.5}{\376\377\164\006\213\272\122\006\147\220\150\106\147\266\116\016\145\271\154\325\127\372\170\100}{}% 12
\BOOKMARK [2][-]{subsection.5.1}{\376\377\120\117\131\175\153\324\217\203\145\160\143\156\166\204\122\237\200\375\133\232\117\115\116\016\117\341\123\367\215\050\221\317\120\107\213\276}{section.5}% 13
\BOOKMARK [2][-]{subsection.5.2}{\376\377\210\150\134\102\137\142\137\017\120\117\135\356\166\204\151\202\137\365\165\114\133\232\116\016\213\244\167\345\142\020\126\340}{section.5}% 14
\BOOKMARK [2][-]{subsection.5.3}{\376\377\225\177\136\246\120\117\135\356\166\204\170\024\172\166\123\321\134\125\201\011\176\334\116\016\145\271\154\325\157\024\217\333}{section.5}% 15
\BOOKMARK [2][-]{subsection.5.4}{\376\377\150\074\137\017\120\117\135\356\166\204\170\024\172\166\157\024\217\333\116\016\150\074\137\017\162\171\137\201\122\006\174\173}{section.5}% 16
\BOOKMARK [2][-]{subsection.5.5}{\376\377\155\367\155\306\143\247\122\066\116\016\213\306\122\053\150\106\147\266}{section.5}% 17
\BOOKMARK [2][-]{subsection.5.6}{\376\377\164\006\213\272\122\006\147\220\150\106\147\266\116\016\170\024\172\166\120\107\213\276}{section.5}% 18
\BOOKMARK [1][-]{section.6}{\376\377\145\160\143\156\147\145\156\220\116\016\230\204\131\004\164\006}{}% 19
\BOOKMARK [2][-]{subsection.6.1}{\376\377\145\160\143\156\147\145\156\220\116\016\123\237\131\313\176\323\147\204}{section.6}% 20
\BOOKMARK [2][-]{subsection.6.2}{\376\377\145\160\143\156\133\241\213\241\116\016\156\005\155\027\211\304\122\031}{section.6}% 21
\BOOKMARK [2][-]{subsection.6.3}{\376\377\117\030\123\026\116\073\210\150\147\204\136\372\116\016\150\067\147\054\173\133\220\011}{section.6}% 22
\BOOKMARK [2][-]{subsection.6.4}{\376\377\116\373\122\241\133\120\226\306\122\022\122\006}{section.6}% 23
\BOOKMARK [1][-]{section.7}{\376\377\123\330\221\317\147\204\220\040\116\016\170\024\172\166\213\276\213\241}{}% 24
\BOOKMARK [2][-]{subsection.7.1}{\376\377\176\323\147\234\123\330\221\317\116\016\225\177\136\246\166\370\121\163\123\330\221\317}{section.7}% 25
\BOOKMARK [2][-]{subsection.7.2}{\376\377\150\074\137\017\123\330\221\317\116\016\133\306\136\246\143\007\150\007\147\204\220\040}{section.7}% 26
\BOOKMARK [2][-]{subsection.7.3}{\376\377\116\373\122\241\174\173\127\213\060\001\215\050\221\317\176\364\136\246\116\016\152\041\127\213\116\343\164\006\123\330\221\317}{section.7}% 27
\BOOKMARK [2][-]{subsection.7.4}{\376\377\122\006\147\220\145\271\154\325\224\376\213\276\213\241}{section.7}% 28
\BOOKMARK [2][-]{subsection.7.5}{\376\377\150\070\137\303\176\337\213\241\145\271\154\325\166\204\220\002\165\050\140\047\213\364\146\016}{section.7}% 29
\BOOKMARK [1][-]{section.8}{\376\377\120\117\131\175\133\130\127\050\140\047\122\006\147\220\116\016\150\300\232\214}{}% 30
\BOOKMARK [2][-]{subsection.8.1}{\376\377\225\177\136\246\120\117\131\175\166\204\143\317\217\360\140\047\162\171\137\201}{section.8}% 31
\BOOKMARK [2][-]{subsection.8.2}{\376\377\150\074\137\017\120\117\131\175\166\204\143\317\217\360\140\047\162\171\137\201}{section.8}% 32
\BOOKMARK [2][-]{subsection.8.3}{\376\377\225\177\136\246\120\117\131\175\166\204\153\143\137\017\176\337\213\241\150\300\232\214}{section.8}% 33
\BOOKMARK [2][-]{subsection.8.4}{\376\377\150\074\137\017\120\117\131\175\166\204\153\143\137\017\176\337\213\241\150\300\232\214}{section.8}% 34
\BOOKMARK [1][-]{section.9}{\376\377\121\300\145\110\136\224\117\060\213\241\116\016\172\063\120\145\140\047\232\214\213\301}{}% 35
\BOOKMARK [2][-]{subsection.9.1}{\376\377\135\114\131\127\220\073\217\221\126\336\137\122\116\013\166\204\121\300\145\110\136\224\122\006\211\343}{section.9}% 36
\BOOKMARK [2][-]{subsection.9.2}{\376\377\214\003\145\164\220\073\217\221\126\336\137\122\116\016\000\040\000I\000P\000W\000\040\172\063\120\145\140\047\232\214\213\301}{section.9}% 37
\BOOKMARK [2][-]{subsection.9.3}{\376\377\120\076\124\021\137\227\122\006\123\071\221\115\116\016\136\163\210\141\140\047\213\312\145\255}{section.9}% 38
\BOOKMARK [1][-]{section.10}{\376\377\147\072\122\066\143\242\175\042\116\016\215\357\137\204\122\006\147\220}{}% 39
\BOOKMARK [2][-]{subsection.10.1}{\376\377\215\357\137\204\122\006\147\220\150\106\147\266\116\016\123\330\221\317\213\276\133\232}{section.10}% 40
\BOOKMARK [2][-]{subsection.10.2}{\376\377\152\041\127\213\142\337\124\010\116\016\176\323\147\204\121\163\174\373\150\300\232\214}{section.10}% 41
\BOOKMARK [2][-]{subsection.10.3}{\376\377\225\177\136\246\116\016\150\074\137\017\162\171\137\201\166\204\117\134\165\050\215\357\137\204\122\006\147\220}{section.10}% 42
\BOOKMARK [2][-]{subsection.10.4}{\376\377\166\364\143\245\145\110\136\224\060\001\225\364\143\245\145\110\136\224\116\016\176\323\147\204\122\006\211\343}{section.10}% 43
\BOOKMARK [2][-]{subsection.10.5}{\376\377\215\357\137\204\122\006\147\220\166\204\211\343\221\312\217\271\165\114\116\016\220\002\165\050\203\003\126\364}{section.10}% 44
\BOOKMARK [1][-]{section.11}{\376\377\140\073\176\323\116\016\213\250\213\272}{}% 45
